// Jest Snapshot v1, https://goo.gl/fbAQLP

exports[`Cart Total renders correctly 1`] = `ShallowWrapper {}`;
