// Jest Snapshot v1, https://goo.gl/fbAQLP

exports[`Review renders correctly 1`] = `ShallowWrapper {}`;
